
> client@0.0.0 build
> vite build

[36mvite v7.3.1 [32mbuilding client environment for production...[36m[39m
transforming...
[32mΓ£ô[39m 6 modules transformed.
node.exe : [31mΓ£ù[39m 
Build failed in 1.03s
At line:1 char:1
+ & "C:\Program 
Files\nodejs/node.exe" 
"C:\Program 
Files\nodejs/node_mo ...
+ ~~~~~~~~~~~~~~~~~~~~~~~~~~~
~~~~~~~~~~~~~~~~~~~~~~~~~~~~~
~~~~~~~~~~~~~
    + CategoryInfo           
   : NotSpecified: ([31mΓ£  
  ù[39m Build failed in 1   
 .03s:String) [], RemoteE    
xception
    + FullyQualifiedErrorId  
   : NativeCommandError
 
[31merror during build:
[31m[vite:css] [postcss] E:/
STUDENT-TEACHER/client/src/in
dex.css:61:5: The 
`shadow-[0_8px_32px_rgba(0,` 
class does not exist. If 
`shadow-[0_8px_32px_rgba(0,` 
is a custom class, make sure 
it is defined within a 
`@layer` directive.[31m
file: [36mE:/STUDENT-TEACHER
/client/src/index.css:61:4[3
1m
    at Input.error (E:\STUDEN
T-TEACHER\client\node_modules
\postcss\lib\input.js:135:16)
    at AtRule.error (E:\STUDE
NT-TEACHER\client\node_module
s\postcss\lib\node.js:146:32)
    at processApply (E:\STUDE
NT-TEACHER\client\node_module
s\tailwindcss\lib\lib\expandA
pplyAtRules.js:380:29)
    at E:\STUDENT-TEACHER\cli
ent\node_modules\tailwindcss\
lib\lib\expandApplyAtRules.js
:551:9
    at E:\STUDENT-TEACHER\cli
ent\node_modules\tailwindcss\
lib\processTailwindFeatures.j
s:55:50
    at async plugins (E:\STUD
ENT-TEACHER\client\node_modul
es\tailwindcss\lib\plugin.js:
38:17)
    at async 
LazyResult.runAsync (E:\STUDE
NT-TEACHER\client\node_module
s\postcss\lib\lazy-result.js:
293:11)
    at async runPostCSS (file
:///E:/STUDENT-TEACHER/client
/node_modules/vite/dist/node/
chunks/config.js:30145:19)
    at async compilePostCSS (
file:///E:/STUDENT-TEACHER/cl
ient/node_modules/vite/dist/n
ode/chunks/config.js:30129:6)
    at async compileCSS (file
:///E:/STUDENT-TEACHER/client
/node_modules/vite/dist/node/
chunks/config.js:30059:26)[3
9m
